date_metric,organization_id,nb_visit,nb_visit_apis,nb_visit_total,nb_visit_api1,nb_visit_api2,nb_visit_fr,nb_visit_en,nb_visit_es,nb_visit_,nb_visit_static
1900-01-01,646b7187b50b2a93b1ae3d45,0,1,1,1,0,0,0,0,0,0
