id;date_metric;segment
646b7187b50b2a93b1ae3d45;1900-01-01;api1
