id;date_metric;segment
673b0e6774a23d9eac2af8ce;1900-01-01;
explore-api-v2-48;1900-01-01;
