date_metric,dataset_id,organization_id,nb_visit,nb_visit_apis,nb_visit_total,nb_visit_api1,nb_visit_api2,nb_visit_fr,nb_visit_en,nb_visit_es,nb_visit_,nb_visit_static
1900-01-01,5b3cc551c751df4822526c1c,646b7187b50b2a93b1ae3d45,4,3,7,1,2,0,0,0,4,0
1900-01-01,60232259b50cb565807ce5b2,534fff8ea3a7292c64a77f02,1,0,1,0,0,0,0,0,1,0
1900-01-01,67164a231c2a52cc06b9b618,646b7187b50b2a93b1ae3d45,1,0,1,0,0,0,0,0,1,0
