id;date_metric;segment
61bf7ab31fe699954ebd3fa8;1900-01-01;api1
consultation-des-donnees-de-la-commande-publique;1900-01-01;
consultation-des-donnees-de-la-commande-publique;1900-01-01;api1
consultation-des-donnees-de-la-commande-publique;1900-01-01;
