date_metric,resource_id,dataset_id,organization_id,nb_visit,nb_visit_apis,nb_visit_total,nb_visit_api1,nb_visit_api2,nb_visit_fr,nb_visit_en,nb_visit_es,nb_visit_,nb_visit_static,nb_visit_api_permalink
1900-01-01,15366b3e-70ec-4fe5-8ed4-2cd6cf28b38b,5b3cc551c751df4822526c1c,646b7187b50b2a93b1ae3d45,4,0,4,0,0,2,1,1,0,0,0
1900-01-01,618cd77c-13f8-4715-8810-6353050af5dd,68c8103f65789f729ee0c3c1,62da6837cde1491f3727cdb2,1,0,1,0,0,0,0,0,0,1,0
1900-01-01,6637991e-c4d8-4cd6-854e-ce33c5ab49d5,5b3cc551c751df4822526c1c,646b7187b50b2a93b1ae3d45,4,2,6,1,1,3,0,0,0,0,1
1900-01-01,b5536fc9-eb1c-421f-bf73-fedad9508409,60232259b50cb565807ce5b2,534fff8ea3a7292c64a77f02,1,0,1,0,0,1,0,0,0,0,0
1900-01-01,cc7b8f0c-45ea-4444-8b55-55d30bc34ac5,67164a231c2a52cc06b9b618,646b7187b50b2a93b1ae3d45,2,0,2,0,0,0,0,0,0,0,2
1900-01-01,e3b0db97-7069-44bc-99dc-0ea7805986a8,67164a231c2a52cc06b9b618,646b7187b50b2a93b1ae3d45,1,0,1,0,0,0,0,0,0,0,1
