date_metric,reuse_id,organization_id,nb_visit,nb_visit_apis,nb_visit_total,nb_visit_api1,nb_visit_api2,nb_visit_fr,nb_visit_en,nb_visit_es,nb_visit_,nb_visit_static
1900-01-01,619593261b7618621ea453f1,534fff8ea3a7292c64a77f02,2,1,3,1,0,0,0,0,2,0
1900-01-01,61bf7ab31fe699954ebd3fa8,646b7187b50b2a93b1ae3d45,0,1,1,1,0,0,0,0,0,0
